Microchip MPLAB XC8 Compiler V1.32 ()

Linker command line:

--edf=C:\Program Files\Microchip\xc8\v1.32\dat\en_msgs.txt -cs \
  -h+dist/UseXC8/debug\PIC_Framework_3.X.debug.sym \
  --cmf=dist/UseXC8/debug\PIC_Framework_3.X.debug.cmf -z -Q18F46J50 \
  -oC:\Users\ECE4534\AppData\Local\Temp\soo.6 \
  -Mdist/UseXC8/debug/PIC_Framework_3.X.debug.map -E1 -ver=XC8 \
  -ASTACK=024Bh-09ffh -pstack=STACK -ACODE=00h-0FFF7h -ACONST=00h-0FFF7h \
  -ASMALLCONST=0F00h-0FFFhx240,0FF00h-0FFF7h -AMEDIUMCONST=0F00h-0FFF7h \
  -ACOMRAM=01h-05Fh -AABS1=00h-0EBFh -ABIGRAM=01h-0EBFh \
  -ARAM=060h-0FFh,0100h-01FFhx13,0E00h-0EBFh -ABANK0=060h-0FFh \
  -ABANK1=0100h-01FFh -ABANK2=0200h-02FFh -ABANK3=0300h-03FFh \
  -ABANK4=0400h-04FFh -ABANK5=0500h-05FFh -ABANK6=0600h-06FFh \
  -ABANK7=0700h-07FFh -ABANK8=0800h-08FFh -ABANK9=0900h-09FFh \
  -ABANK10=0A00h-0AFFh -ABANK11=0B00h-0BFFh -ABANK12=0C00h-0CFFh \
  -ABANK13=0D00h-0DFFh -ABANK14=0E00h-0EBFh \
  -ASFR=0EC0h-0EFFh,0F00h-0F5Fh,0F60h-0FFCh \
  -preset_vec=00h,intcode=08h,intcodelo=018h,powerup,init,end_init \
  -pramtop=0F00h -psmallconst=SMALLCONST -pmediumconst=MEDIUMCONST \
  -pconst=CONST -AFARRAM=00h-00h -ACONFIG=0FFF8h-0FFFFh -pconfig=CONFIG \
  -pjflash_buffer=0F800h \
  -prdata=COMRAM,nvrram=COMRAM,nvbit=COMRAM,rbss=COMRAM,rbit=COMRAM \
  -pfarbss=FARRAM,fardata=FARRAM,nvFARRAM=FARRAM \
  -pintsave_regs=BIGRAM,bigbss=BIGRAM,bigdata=BIGRAM -pbss=RAM \
  -pidata=CODE,irdata=CODE,ibigdata=CODE,ifardata=CODE \
  C:\Users\ECE4534\AppData\Local\Temp\soo.obj \
  dist/UseXC8/debug\PIC_Framework_3.X.debug.obj 

Object code version is 3.11

Machine type is 18F46J50

Call graph: (short form)




                Name                               Link     Load   Length Selector   Space Scale
C:\Users\ECE4534\AppData\Local\Temp\soo.obj
                end_init                             BC       BC        4        C       0
                reset_vec                             0        0        6        0       0
                config                             FFF8     FFF8        8     FFF8       0
dist/UseXC8/debug\PIC_Framework_3.X.debug.obj
                intcodelo                            18       18       A4        C       0
                intcode                               8        8       10        4       0
                text56                             18BC     18BC        6        C       0
                text55                             1676     1676       32        C       0
                text54                             18A4     18A4       10        C       0
                text53                             1488     1488       3E        C       0
                text52                             1178     1178       60        C       0
                text51                             12E6     12E6       50        C       0
                text50                              A62      A62       EC        C       0
                text49                             1704     1704       2E        C       0
                text48                               C0       C0      378        C       0
                text47                              858      858      11E        C       0
                text46                             15AA     15AA       36        C       0
                text45                             1882     1882       12        C       0
                text44                              FE4      FE4       6E        C       0
                intcode_body                        EF6      EF6       7E        C       0
                text42                             1870     1870       12        C       0
                text41                             140A     140A       40        C       0
                text40                              DB8      DB8       AA        C       0
                text39                             17AC     17AC       24        C       0
                text38                             185E     185E       12        C       0
                text37                             1732     1732       2C        C       0
                text36                             17EE     17EE       1E        C       0
                text35                              E62      E62       94        C       0
                text34                              B4E      B4E       D2        C       0
                text33                             175E     175E       28        C       0
                text32                             13C4     13C4       46        C       0
                text30                              F74      F74       70        C       0
                text29                             1786     1786       26        C       0
                text28                             1502     1502       3C        C       0
                text27                             128E     128E       58        C       0
                text26                              73A      73A      11E        C       0
                text25                             1574     1574       36        C       0
                text24                             153E     153E       36        C       0
                text23                             1826     1826       14        C       0
                text22                             1644     1644       32        C       0
                text21                             1894     1894       10        C       0
                text20                             144A     144A       3E        C       0
                text19                             14C6     14C6       3C        C       0
                text18                             10B6     10B6       62        C       0
                text17                             18B4     18B4        8        C       0
                text16                             1336     1336       48        C       0
                text15                              C20      C20       CE        C       0
                text14                              CEE      CEE       CA        C       0
                text13                             1052     1052       64        C       0
                text12                             1236     1236       58        C       0
                text11                             184C     184C       12        C       0
                text10                             17D0     17D0       1E        C       0
                text9                               976      976       EC        C       0
                text8                              16D6     16D6       2E        C       0
                text7                              1612     1612       32        C       0
                text6                              183A     183A       12        C       0
                text5                              16A8     16A8       2E        C       0
                text4                              1118     1118       60        C       0
                text3                              11D8     11D8       5E        C       0
                text2                              180C     180C       1A        C       0
                text1                              15E0     15E0       32        C       0
                text0                               438      438      302        C       0
                cstackCOMRAM                          1        1       2F        1       1
                cstackBANK0                          97       97       36       60       1
                cstackBANK1                         1A2      1A2       1E      100       1
                cstackBANK2                         200      200       4B      200       1
                bssBANK1                            100      100       A2      100       1
                bssBANK0                             60       60       37       60       1
                dataCOMRAM                           45       45        2        1       1
                bssCOMRAM                            30       30       13        1       1
                cinit                              137E     137E       46        C       0
                nvBANK0                              CD       CD        2       60       1
                nvCOMRAM                             43       43        2        1       1
                idataCOMRAM                        18C2     18C2        2        C       0

TOTAL           Name                               Link     Load   Length     Space
        CLASS   STACK          

        CLASS   CODE           
                end_init                             BC       BC        4         0
                intcodelo                            18       18       A4         0
                intcode                               8        8       10         0
                reset_vec                             0        0        6         0
                text56                             18BC     18BC        6         0
                text55                             1676     1676       32         0
                text54                             18A4     18A4       10         0
                text53                             1488     1488       3E         0
                text52                             1178     1178       60         0
                text51                             12E6     12E6       50         0
                text50                              A62      A62       EC         0
                text49                             1704     1704       2E         0
                text48                               C0       C0      378         0
                text47                              858      858      11E         0
                text46                             15AA     15AA       36         0
                text45                             1882     1882       12         0
                text44                              FE4      FE4       6E         0
                intcode_body                        EF6      EF6       7E         0
                text42                             1870     1870       12         0
                text41                             140A     140A       40         0
                text40                              DB8      DB8       AA         0
                text39                             17AC     17AC       24         0
                text38                             185E     185E       12         0
                text37                             1732     1732       2C         0
                text36                             17EE     17EE       1E         0
                text35                              E62      E62       94         0
                text34                              B4E      B4E       D2         0
                text33                             175E     175E       28         0
                text32                             13C4     13C4       46         0
                text30                              F74      F74       70         0
                text29                             1786     1786       26         0
                text28                             1502     1502       3C         0
                text27                             128E     128E       58         0
                text26                              73A      73A      11E         0
                text25                             1574     1574       36         0
                text24                             153E     153E       36         0
                text23                             1826     1826       14         0
                text22                             1644     1644       32         0
                text21                             1894     1894       10         0
                text20                             144A     144A       3E         0
                text19                             14C6     14C6       3C         0
                text18                             10B6     10B6       62         0
                text17                             18B4     18B4        8         0
                text16                             1336     1336       48         0
                text15                              C20      C20       CE         0
                text14                              CEE      CEE       CA         0
                text13                             1052     1052       64         0
                text12                             1236     1236       58         0
                text11                             184C     184C       12         0
                text10                             17D0     17D0       1E         0
                text9                               976      976       EC         0
                text8                              16D6     16D6       2E         0
                text7                              1612     1612       32         0
                text6                              183A     183A       12         0
                text5                              16A8     16A8       2E         0
                text4                              1118     1118       60         0
                text3                              11D8     11D8       5E         0
                text2                              180C     180C       1A         0
                text1                              15E0     15E0       32         0
                text0                               438      438      302         0
                cinit                              137E     137E       46         0
                idataCOMRAM                        18C2     18C2        2         0

        CLASS   CONST          

        CLASS   SMALLCONST     

        CLASS   MEDIUMCONST    

        CLASS   COMRAM         
                cstackCOMRAM                          1        1       2F         1
                dataCOMRAM                           45       45        2         1
                bssCOMRAM                            30       30       13         1
                nvCOMRAM                             43       43        2         1

        CLASS   ABS1           

        CLASS   BIGRAM         

        CLASS   RAM            

        CLASS   BANK0          
                cstackBANK0                          97       97       36         1
                bssBANK0                             60       60       37         1
                nvBANK0                              CD       CD        2         1

        CLASS   BANK1          
                cstackBANK1                         1A2      1A2       1E         1
                bssBANK1                            100      100       A2         1

        CLASS   BANK2          
                cstackBANK2                         200      200       4B         1

        CLASS   BANK3          

        CLASS   BANK4          

        CLASS   BANK5          

        CLASS   BANK6          

        CLASS   BANK7          

        CLASS   BANK8          

        CLASS   BANK9          

        CLASS   BANK10         

        CLASS   BANK11         

        CLASS   BANK12         

        CLASS   BANK13         

        CLASS   BANK14         

        CLASS   SFR            

        CLASS   FARRAM         

        CLASS   CONFIG         
                config                             FFF8     FFF8        8         0

        CLASS   IDLOC          



SEGMENTS        Name                           Load    Length   Top    Selector   Space  Class

                reset_vec                      000000  000006  000006         0       0  CODE    
                cstackCOMRAM                   000001  000046  000047         1       1  COMRAM  
                intcode                        000008  000010  000018         4       0  CODE    
                intcodelo                      000018  0018AC  0018C4         C       0  CODE    
                bssBANK0                       000060  00006F  0000CF        60       1  BANK0   
                bssBANK1                       000100  0000C0  0001C0       100       1  BANK1   
                cstackBANK2                    000200  00004B  00024B       200       1  BANK2   
                config                         00FFF8  000008  010000      FFF8       0  CONFIG  


UNUSED ADDRESS RANGES

        Name                Unused          Largest block    Delta
        BANK0            000CF-000FF              31
        BANK1            001C0-001FF              40
        BANK10           00A00-00AFF             100
        BANK11           00B00-00BFF             100
        BANK12           00C00-00CFF             100
        BANK13           00D00-00DFF             100
        BANK14           00E00-00EBF              C0
        BANK2            0024B-002FF              B5
        BANK3            00300-003FF             100
        BANK4            00400-004FF             100
        BANK5            00500-005FF             100
        BANK6            00600-006FF             100
        BANK7            00700-007FF             100
        BANK8            00800-008FF             100
        BANK9            00900-009FF             100
        BIGRAM           00047-0005F              19
                         000CF-000FF              31
                         001C0-001FF              40
                         0024B-00EBF             C75
        CODE             00006-00007               2
                         018C4-0FFF7            E734
        COMRAM           00047-0005F              19
        CONST            00006-00007               2
                         018C4-0FFF7            E734
        MEDIUMCONST      018C4-0FFF7            E734
        RAM              000CF-000FF              31
                         001C0-001FF              40
                         0024B-00EBF             100
        SFR              00EC0-00FFC              60
        SMALLCONST       018C4-0FFF7             100
        STACK            0024B-009FF             7B5

                                  Symbol Table

?_ReadTimer1                     cstackCOMRAM  00001
?___lwmod                        cstackBANK0   000C8
?_in_high_int                    cstackBANK0   000C8
?_in_low_int                     cstackBANK0   000CA
?_in_main                        cstackBANK1   001A2
?i2_in_high_int                  cstackBANK0   00097
?i2_in_low_int                   cstackBANK0   00099
Delay1KTCYx@unit                 cstackBANK0   000C8
FromMainHigh_recvmsg@data        cstackBANK0   000B1
FromMainHigh_recvmsg@maxlength   cstackBANK0   000B3
FromMainHigh_recvmsg@msgtype     cstackBANK0   000AF
FromMainHigh_sendmsg@data        cstackBANK1   001B4
FromMainHigh_sendmsg@length      cstackBANK1   001B6
FromMainHigh_sendmsg@msgtype     cstackBANK1   001B3
FromMainLow_recvmsg@data         cstackCOMRAM  0001B
FromMainLow_recvmsg@maxlength    cstackCOMRAM  0001D
FromMainLow_recvmsg@msgtype      cstackCOMRAM  00019
FromMainLow_sendmsg@data         cstackBANK1   001B4
FromMainLow_sendmsg@length       cstackBANK1   001B6
FromMainLow_sendmsg@msgtype      cstackBANK1   001B3
Open1USART@config                cstackBANK1   001A2
Open1USART@spbrg                 cstackBANK0   000C8
OpenTimer0@config                cstackBANK0   000C8
OpenTimer1@config                cstackBANK0   000CA
OpenTimer1@config1               cstackBANK0   000C8
Read1USART@data                  cstackCOMRAM  00001
ReadTimer1@timer                 cstackCOMRAM  00003
ToMainHigh_recvmsg@data          cstackBANK1   001B8
ToMainHigh_recvmsg@maxlength     cstackBANK0   000CC
ToMainHigh_recvmsg@msgtype       cstackBANK1   001B6
ToMainHigh_sendmsg@data          cstackBANK0   000AE
ToMainHigh_sendmsg@length        cstackBANK0   000B0
ToMainHigh_sendmsg@msgtype       cstackBANK0   000AD
ToMainLow_recvmsg@data           cstackBANK1   001B8
ToMainLow_recvmsg@maxlength      cstackBANK0   000CC
ToMainLow_recvmsg@msgtype        cstackBANK1   001B6
ToMainLow_sendmsg@data           cstackCOMRAM  00018
ToMainLow_sendmsg@length         cstackCOMRAM  0001A
ToMainLow_sendmsg@msgtype        cstackCOMRAM  00017
WriteTimer0@timer                cstackBANK0   00099
WriteTimer0@timer0               cstackBANK0   00097
WriteTimer1@timer                cstackCOMRAM  00003
WriteTimer1@timer1               cstackCOMRAM  00001
_ADCON0bits                      (abs)         00FC2
_ADCON1bits                      (abs)         00FC1
_ADRESH                          (abs)         00FC4
_ADRESL                          (abs)         00FC3
_ANCON0bits                      (abs)         00F48
_BAUDCONbits                     (abs)         00F7E
_Delay1KTCYx                     text23        01826
_FromMainHigh_MQ                 bssBANK1      00100
_FromMainHigh_recvmsg            text46        015AA
_FromMainHigh_sendmsg            text5         016A8
_FromMainLow_MQ                  bssBANK1      00136
_FromMainLow_recvmsg             text33        0175E
_FromMainLow_sendmsg             text8         016D6
_I2C_Buffer_Size                 dataCOMRAM    00045
_INTCONbits                      (abs)         00FF2
_IPR1bits                        (abs)         00F9F
_InterruptHandlerHigh            intcode       00008
_InterruptHandlerLow             intcodelo     00018
_LATB                            (abs)         00F8A
_LATBbits                        (abs)         00F8A
_MQ_Main_Willing_to_block        bssBANK0      00060
_OSCCON                          (abs)         00FD3
_OSCCONbits                      (abs)         00FD3
_OSCTUNEbits                     (abs)         00F9B
_Open1USART                      text30        00F74
_OpenTimer0                      text29        01786
_OpenTimer1                      text28        01502
_PIE1bits                        (abs)         00F9D
_PIR1bits                        (abs)         00F9E
_PORTBbits                       (abs)         00F81
_RCONbits                        (abs)         00FD0
_RCREG1                          (abs)         00FAF
_RCSTA1                          (abs)         00FAC
_RCSTA1bits                      (abs)         00FAC
_RCSTAbits                       (abs)         00FAC
_Read1USART                      text36        017EE
_ReadTimer1                      text42        01870
_SPBRG1                          (abs)         00FB0
_SPBRGH1                         (abs)         00F7F
_SSP1STATbits                    (abs)         00FC7
_SSPADD                          (abs)         00FC8
_SSPBUF                          (abs)         00FC9
_SSPCON1                         (abs)         00FC6
_SSPCON1bits                     (abs)         00FC6
_SSPCON2                         (abs)         00FC5
_SSPCON2bits                     (abs)         00FC5
_SSPSTAT                         (abs)         00FC7
_SSPSTATbits                     (abs)         00FC7
_Send                            bssCOMRAM     00030
_SleepIfOkay                     text52        01178
_T0CON                           (abs)         00FD5
_T0CONbits                       (abs)         00FD5
_T1CON                           (abs)         00FCD
_T1CONbits                       (abs)         00FCD
_T1GCON                          (abs)         00F9A
_T1GCONbits                      (abs)         00F9A
_TMR0H                           (abs)         00FD7
_TMR0L                           (abs)         00FD6
_TMR1H                           (abs)         00FCF
_TMR1L                           (abs)         00FCE
_TRISAbits                       (abs)         00F92
_TRISB                           (abs)         00F93
_TRISBbits                       (abs)         00F93
_TRISCbits                       (abs)         00F94
_TRISEbits                       (abs)         00F96
_TXREG1                          (abs)         00FAE
_TXSTA1                          (abs)         00FAD
_TXSTA1bits                      (abs)         00FAD
_ToMainHigh_MQ                   bssBANK1      0016C
_ToMainHigh_recvmsg              text25        01574
_ToMainHigh_sendmsg              text49        01704
_ToMainLow_MQ                    bssBANK0      00061
_ToMainLow_recvmsg               text24        0153E
_ToMainLow_sendmsg               text39        017AC
_UART_DATA_LEN                   bssCOMRAM     00032
_UART_TX_PTR                     bssCOMRAM     00034
_USART1_Status                   bssCOMRAM     00036
_WriteTimer0                     text45        01882
_WriteTimer1                     text38        0185E
__CFG_CP0$OFF                    (abs)         00000
__CFG_CPUDIV$OSC1                (abs)         00000
__CFG_DSBOREN$OFF                (abs)         00000
__CFG_DSWDTEN$OFF                (abs)         00000
__CFG_DSWDTOSC$T1OSCREF          (abs)         00000
__CFG_DSWDTPS$G2                 (abs)         00000
__CFG_FCMEN$OFF                  (abs)         00000
__CFG_IESO$ON                    (abs)         00000
__CFG_IOL1WAY$ON                 (abs)         00000
__CFG_LPT1OSC$OFF                (abs)         00000
__CFG_MSSP7B_EN$MSK7             (abs)         00000
__CFG_OSC$HSPLL                  (abs)         00000
__CFG_PLLDIV$3                   (abs)         00000
__CFG_RTCOSC$T1OSCREF            (abs)         00000
__CFG_STVREN$OFF                 (abs)         00000
__CFG_T1DIG$OFF                  (abs)         00000
__CFG_WDTEN$OFF                  (abs)         00000
__CFG_WDTPS$32768                (abs)         00000
__CFG_WPCFG$OFF                  (abs)         00000
__CFG_WPDIS$OFF                  (abs)         00000
__CFG_WPEND$PAGE_WPFP            (abs)         00000
__CFG_WPFP$PAGE_63               (abs)         00000
__CFG_XINST$OFF                  (abs)         00000
__HRAM                           (abs)         00000
__Habs1                          abs1          00000
__Hbank0                         bank0         00000
__Hbank1                         bank1         00000
__Hbank10                        bank10        00000
__Hbank11                        bank11        00000
__Hbank12                        bank12        00000
__Hbank13                        bank13        00000
__Hbank14                        bank14        00000
__Hbank2                         bank2         00000
__Hbank3                         bank3         00000
__Hbank4                         bank4         00000
__Hbank5                         bank5         00000
__Hbank6                         bank6         00000
__Hbank7                         bank7         00000
__Hbank8                         bank8         00000
__Hbank9                         bank9         00000
__Hbigbss                        bigbss        00000
__Hbigdata                       bigdata       00000
__Hbigram                        bigram        00000
__Hbss                           bss           00000
__HbssBANK0                      bssBANK0      00000
__HbssBANK1                      bssBANK1      00000
__HbssCOMRAM                     bssCOMRAM     00000
__Hcinit                         cinit         00000
__Hclrtext                       clrtext       00000
__Hcomram                        comram        00000
__Hconfig                        config        10000
__Hconst                         const         00000
__HcstackBANK0                   cstackBANK0   00000
__HcstackBANK1                   cstackBANK1   00000
__HcstackBANK2                   cstackBANK2   00000
__HcstackCOMRAM                  cstackCOMRAM  00000
__Hdata                          data          00000
__HdataCOMRAM                    dataCOMRAM    00000
__Hend_init                      end_init      000C0
__Hfarbss                        farbss        00000
__Hfardata                       fardata       00000
__Hibigdata                      ibigdata      00000
__Hidata                         idata         00000
__HidataCOMRAM                   idataCOMRAM   00000
__Hidloc                         idloc         00000
__Hifardata                      ifardata      00000
__Hinit                          init          000BC
__Hintcode                       intcode       00018
__Hintcode_body                  intcode_body  00000
__Hintcodelo                     intcodelo     000BC
__Hintentry                      intentry      00000
__Hintret                        intret        00000
__Hintsave_regs                  intsave_regs  00000
__Hirdata                        irdata        00000
__Hjflash_buffer                 jflash_buffer 0F800
__Hmediumconst                   mediumconst   00000
__HnvBANK0                       nvBANK0       00000
__HnvCOMRAM                      nvCOMRAM      00000
__HnvFARRAM                      nvFARRAM      00000
__Hnvbit                         nvbit         00000
__Hnvrram                        nvrram        00000
__Hparam                         param0        00000
__Hparam0                        param0        00000
__Hpowerup                       powerup       000BC
__Hram                           ram           00000
__Hramtop                        ramtop        00F00
__Hrbit                          rbit          00000
__Hrbss                          rbss          00000
__Hrdata                         rdata         00000
__Hreset_vec                     reset_vec     00006
__Hsfr                           sfr           00000
__Hsmallconst                    smallconst    00000
__Hspace_0                       (abs)         10000
__Hspace_1                       (abs)         0024B
__Hspace_2                       (abs)         00000
__Hstack                         stack         00000
__Hstruct                        struct        00000
__Htemp                          temp          00000
__Htext                          text          00000
__Htext0                         text0         00000
__Htext1                         text1         00000
__Htext10                        text10        00000
__Htext11                        text11        00000
__Htext12                        text12        00000
__Htext13                        text13        00000
__Htext14                        text14        00000
__Htext15                        text15        00000
__Htext16                        text16        00000
__Htext17                        text17        00000
__Htext18                        text18        00000
__Htext19                        text19        00000
__Htext2                         text2         00000
__Htext20                        text20        00000
__Htext21                        text21        00000
__Htext22                        text22        00000
__Htext23                        text23        00000
__Htext24                        text24        00000
__Htext25                        text25        00000
__Htext26                        text26        00000
__Htext27                        text27        00000
__Htext28                        text28        00000
__Htext29                        text29        00000
__Htext3                         text3         00000
__Htext30                        text30        00000
__Htext32                        text32        00000
__Htext33                        text33        00000
__Htext34                        text34        00000
__Htext35                        text35        00000
__Htext36                        text36        00000
__Htext37                        text37        00000
__Htext38                        text38        00000
__Htext39                        text39        00000
__Htext4                         text4         00000
__Htext40                        text40        00000
__Htext41                        text41        00000
__Htext42                        text42        00000
__Htext44                        text44        00000
__Htext45                        text45        00000
__Htext46                        text46        00000
__Htext47                        text47        00000
__Htext48                        text48        00000
__Htext49                        text49        00000
__Htext5                         text5         00000
__Htext50                        text50        00000
__Htext51                        text51        00000
__Htext52                        text52        00000
__Htext53                        text53        00000
__Htext54                        text54        00000
__Htext55                        text55        00000
__Htext56                        text56        00000
__Htext6                         text6         00000
__Htext7                         text7         00000
__Htext8                         text8         00000
__Htext9                         text9         00000
__LRAM                           (abs)         00001
__Labs1                          abs1          00000
__Lbank0                         bank0         00000
__Lbank1                         bank1         00000
__Lbank10                        bank10        00000
__Lbank11                        bank11        00000
__Lbank12                        bank12        00000
__Lbank13                        bank13        00000
__Lbank14                        bank14        00000
__Lbank2                         bank2         00000
__Lbank3                         bank3         00000
__Lbank4                         bank4         00000
__Lbank5                         bank5         00000
__Lbank6                         bank6         00000
__Lbank7                         bank7         00000
__Lbank8                         bank8         00000
__Lbank9                         bank9         00000
__Lbigbss                        bigbss        00000
__Lbigdata                       bigdata       00000
__Lbigram                        bigram        00000
__Lbss                           bss           00000
__LbssBANK0                      bssBANK0      00000
__LbssBANK1                      bssBANK1      00000
__LbssCOMRAM                     bssCOMRAM     00000
__Lcinit                         cinit         00000
__Lclrtext                       clrtext       00000
__Lcomram                        comram        00000
__Lconfig                        config        0FFF8
__Lconst                         const         00000
__LcstackBANK0                   cstackBANK0   00000
__LcstackBANK1                   cstackBANK1   00000
__LcstackBANK2                   cstackBANK2   00000
__LcstackCOMRAM                  cstackCOMRAM  00000
__Ldata                          data          00000
__LdataCOMRAM                    dataCOMRAM    00000
__Lend_init                      end_init      000BC
__Lfarbss                        farbss        00000
__Lfardata                       fardata       00000
__Libigdata                      ibigdata      00000
__Lidata                         idata         00000
__LidataCOMRAM                   idataCOMRAM   00000
__Lidloc                         idloc         00000
__Lifardata                      ifardata      00000
__Linit                          init          000BC
__Lintcode                       intcode       00008
__Lintcode_body                  intcode_body  00000
__Lintcodelo                     intcodelo     00018
__Lintentry                      intentry      00000
__Lintret                        intret        00000
__Lintsave_regs                  intsave_regs  00000
__Lirdata                        irdata        00000
__Ljflash_buffer                 jflash_buffer 0F800
__Lmediumconst                   mediumconst   00000
__LnvBANK0                       nvBANK0       00000
__LnvCOMRAM                      nvCOMRAM      00000
__LnvFARRAM                      nvFARRAM      00000
__Lnvbit                         nvbit         00000
__Lnvrram                        nvrram        00000
__Lparam                         param0        00000
__Lparam0                        param0        00000
__Lpowerup                       powerup       000BC
__Lram                           ram           00000
__Lramtop                        ramtop        00F00
__Lrbit                          rbit          00000
__Lrbss                          rbss          00000
__Lrdata                         rdata         00000
__Lreset_vec                     reset_vec     00000
__Lsfr                           sfr           00000
__Lsmallconst                    smallconst    00000
__Lspace_0                       (abs)         00000
__Lspace_1                       (abs)         00000
__Lspace_2                       (abs)         00000
__Lstack                         stack         00000
__Lstruct                        struct        00000
__Ltemp                          temp          00000
__Ltext                          text          00000
__Ltext0                         text0         00000
__Ltext1                         text1         00000
__Ltext10                        text10        00000
__Ltext11                        text11        00000
__Ltext12                        text12        00000
__Ltext13                        text13        00000
__Ltext14                        text14        00000
__Ltext15                        text15        00000
__Ltext16                        text16        00000
__Ltext17                        text17        00000
__Ltext18                        text18        00000
__Ltext19                        text19        00000
__Ltext2                         text2         00000
__Ltext20                        text20        00000
__Ltext21                        text21        00000
__Ltext22                        text22        00000
__Ltext23                        text23        00000
__Ltext24                        text24        00000
__Ltext25                        text25        00000
__Ltext26                        text26        00000
__Ltext27                        text27        00000
__Ltext28                        text28        00000
__Ltext29                        text29        00000
__Ltext3                         text3         00000
__Ltext30                        text30        00000
__Ltext32                        text32        00000
__Ltext33                        text33        00000
__Ltext34                        text34        00000
__Ltext35                        text35        00000
__Ltext36                        text36        00000
__Ltext37                        text37        00000
__Ltext38                        text38        00000
__Ltext39                        text39        00000
__Ltext4                         text4         00000
__Ltext40                        text40        00000
__Ltext41                        text41        00000
__Ltext42                        text42        00000
__Ltext44                        text44        00000
__Ltext45                        text45        00000
__Ltext46                        text46        00000
__Ltext47                        text47        00000
__Ltext48                        text48        00000
__Ltext49                        text49        00000
__Ltext5                         text5         00000
__Ltext50                        text50        00000
__Ltext51                        text51        00000
__Ltext52                        text52        00000
__Ltext53                        text53        00000
__Ltext54                        text54        00000
__Ltext55                        text55        00000
__Ltext56                        text56        00000
__Ltext6                         text6         00000
__Ltext7                         text7         00000
__Ltext8                         text8         00000
__Ltext9                         text9         00000
__S0                             (abs)         10000
__S1                             (abs)         0024B
__S2                             (abs)         00000
___inthi_sp                      stack         00000
___intlo_sp                      stack         00000
___lwmod                         text4         01118
___lwmod@counter                 cstackBANK0   000CC
___lwmod@dividend                cstackBANK0   000C8
___lwmod@divisor                 cstackBANK0   000CA
___sp                            stack         00000
__accesstop                      (abs)         00060
__activetblptr                   (abs)         00002
__end_of_Delay1KTCYx             text23        0183A
__end_of_FromMainHigh_recvmsg    text46        015E0
__end_of_FromMainHigh_sendmsg    text5         016D6
__end_of_FromMainLow_recvmsg     text33        01786
__end_of_FromMainLow_sendmsg     text8         01704
__end_of_InterruptHandlerHigh    intcode_body  00F74
__end_of_InterruptHandlerLow     intcodelo     000BC
__end_of_Open1USART              text30        00FE4
__end_of_OpenTimer0              text29        017AC
__end_of_OpenTimer1              text28        0153E
__end_of_Read1USART              text36        0180C
__end_of_ReadTimer1              text42        01882
__end_of_SleepIfOkay             text52        011D8
__end_of_ToMainHigh_recvmsg      text25        015AA
__end_of_ToMainHigh_sendmsg      text49        01732
__end_of_ToMainLow_recvmsg       text24        01574
__end_of_ToMainLow_sendmsg       text39        017D0
__end_of_WriteTimer0             text45        01894
__end_of_WriteTimer1             text38        01870
__end_of___lwmod                 text4         01178
__end_of__initialization         cinit         013BA
__end_of_block_on_To_msgqueues   text18        01118
__end_of_check_msg               text22        01676
__end_of_enable_interrupts       text17        018BC
__end_of_enter_sleep_mode        text56        018C2
__end_of_i2c_configure_master    text16        0137E
__end_of_i2c_master_int_handler  text48        00438
__end_of_i2c_master_send         text15        00CEE
__end_of_in_high_int             text21        018A4
__end_of_in_low_int              text20        01488
__end_of_in_main                 text19        01502
__end_of_init_i2c                text14        00DB8
__end_of_init_queue              text13        010B6
__end_of_init_queues             text12        0128E
__end_of_init_timer1_lthread     text11        0185E
__end_of_init_uart_recv          text10        017EE
__end_of_main                    text0         0073A
__end_of_memcpy                  text27        012E6
__end_of_recv_msg                text26        00858
__end_of_send_msg                text9         00A62
__end_of_send_uart_msg           text7         01644
__end_of_timer0_int_handler      text44        01052
__end_of_timer0_lthread          text6         0184C
__end_of_timer1_int_handler      text37        0175E
__end_of_timer1_lthread          text3         01236
__end_of_uart_config             text2         01826
__end_of_uart_lthread            text1         01612
__end_of_uart_recv_int_handler   text35        00EF6
__end_of_uart_tran_int_handler   text32        0140A
__end_ofi1_memcpy                text41        0144A
__end_ofi1_recv_msg              text34        00C20
__end_ofi1_send_msg              text40        00E62
__end_ofi2_check_msg             text55        016A8
__end_ofi2_in_high_int           text54        018B4
__end_ofi2_in_low_int            text53        014C6
__end_ofi2_memcpy                text51        01336
__end_ofi2_recv_msg              text47        00976
__end_ofi2_send_msg              text50        00B4E
__initialization                 cinit         0137E
__mediumconst                    mediumconst   00000
__pbssBANK0                      bssBANK0      00060
__pbssBANK1                      bssBANK1      00100
__pbssCOMRAM                     bssCOMRAM     00030
__pcinit                         cinit         0137E
__pcstackBANK0                   cstackBANK0   00097
__pcstackBANK1                   cstackBANK1   001A2
__pcstackBANK2                   cstackBANK2   00200
__pcstackCOMRAM                  cstackCOMRAM  00001
__pdataCOMRAM                    dataCOMRAM    00045
__pidataCOMRAM                   idataCOMRAM   018C2
__pintcode                       intcode       00008
__pintcode_body                  intcode_body  00EF6
__pintcodelo                     intcodelo     00018
__pnvBANK0                       nvBANK0       000CD
__pnvCOMRAM                      nvCOMRAM      00043
__ptext0                         text0         00438
__ptext1                         text1         015E0
__ptext10                        text10        017D0
__ptext11                        text11        0184C
__ptext12                        text12        01236
__ptext13                        text13        01052
__ptext14                        text14        00CEE
__ptext15                        text15        00C20
__ptext16                        text16        01336
__ptext17                        text17        018B4
__ptext18                        text18        010B6
__ptext19                        text19        014C6
__ptext2                         text2         0180C
__ptext20                        text20        0144A
__ptext21                        text21        01894
__ptext22                        text22        01644
__ptext23                        text23        01826
__ptext24                        text24        0153E
__ptext25                        text25        01574
__ptext26                        text26        0073A
__ptext27                        text27        0128E
__ptext28                        text28        01502
__ptext29                        text29        01786
__ptext3                         text3         011D8
__ptext30                        text30        00F74
__ptext32                        text32        013C4
__ptext33                        text33        0175E
__ptext34                        text34        00B4E
__ptext35                        text35        00E62
__ptext36                        text36        017EE
__ptext37                        text37        01732
__ptext38                        text38        0185E
__ptext39                        text39        017AC
__ptext4                         text4         01118
__ptext40                        text40        00DB8
__ptext41                        text41        0140A
__ptext42                        text42        01870
__ptext44                        text44        00FE4
__ptext45                        text45        01882
__ptext46                        text46        015AA
__ptext47                        text47        00858
__ptext48                        text48        000C0
__ptext49                        text49        01704
__ptext5                         text5         016A8
__ptext50                        text50        00A62
__ptext51                        text51        012E6
__ptext52                        text52        01178
__ptext53                        text53        01488
__ptext54                        text54        018A4
__ptext55                        text55        01676
__ptext56                        text56        018BC
__ptext6                         text6         0183A
__ptext7                         text7         01612
__ptext8                         text8         016D6
__ptext9                         text9         00976
__ramtop                         ramtop        00F00
__size_of_Delay1KTCYx            (abs)         00000
__size_of_FromMainHigh_recvmsg   (abs)         00000
__size_of_FromMainHigh_sendmsg   (abs)         00000
__size_of_FromMainLow_recvmsg    (abs)         00000
__size_of_FromMainLow_sendmsg    (abs)         00000
__size_of_InterruptHandlerHigh   (abs)         00000
__size_of_InterruptHandlerLow    (abs)         00000
__size_of_Open1USART             (abs)         00000
__size_of_OpenTimer0             (abs)         00000
__size_of_OpenTimer1             (abs)         00000
__size_of_Read1USART             (abs)         00000
__size_of_ReadTimer1             (abs)         00000
__size_of_SleepIfOkay            (abs)         00000
__size_of_ToMainHigh_recvmsg     (abs)         00000
__size_of_ToMainHigh_sendmsg     (abs)         00000
__size_of_ToMainLow_recvmsg      (abs)         00000
__size_of_ToMainLow_sendmsg      (abs)         00000
__size_of_WriteTimer0            (abs)         00000
__size_of_WriteTimer1            (abs)         00000
__size_of___lwmod                (abs)         00000
__size_of_block_on_To_msgqueues  (abs)         00000
__size_of_check_msg              (abs)         00000
__size_of_enable_interrupts      (abs)         00000
__size_of_enter_sleep_mode       (abs)         00000
__size_of_i2c_configure_master   (abs)         00000
__size_of_i2c_master_int_handler (abs)         00000
__size_of_i2c_master_send        (abs)         00000
__size_of_in_high_int            (abs)         00000
__size_of_in_low_int             (abs)         00000
__size_of_in_main                (abs)         00000
__size_of_init_i2c               (abs)         00000
__size_of_init_queue             (abs)         00000
__size_of_init_queues            (abs)         00000
__size_of_init_timer1_lthread    (abs)         00000
__size_of_init_uart_recv         (abs)         00000
__size_of_main                   (abs)         00000
__size_of_memcpy                 (abs)         00000
__size_of_recv_msg               (abs)         00000
__size_of_send_msg               (abs)         00000
__size_of_send_uart_msg          (abs)         00000
__size_of_timer0_int_handler     (abs)         00000
__size_of_timer0_lthread         (abs)         00000
__size_of_timer1_int_handler     (abs)         00000
__size_of_timer1_lthread         (abs)         00000
__size_of_uart_config            (abs)         00000
__size_of_uart_lthread           (abs)         00000
__size_of_uart_recv_int_handler  (abs)         00000
__size_of_uart_tran_int_handler  (abs)         00000
__size_ofi1_memcpy               (abs)         00000
__size_ofi1_recv_msg             (abs)         00000
__size_ofi1_send_msg             (abs)         00000
__size_ofi2_check_msg            (abs)         00000
__size_ofi2_in_high_int          (abs)         00000
__size_ofi2_in_low_int           (abs)         00000
__size_ofi2_memcpy               (abs)         00000
__size_ofi2_recv_msg             (abs)         00000
__size_ofi2_send_msg             (abs)         00000
__smallconst                     smallconst    00000
_block_on_To_msgqueues           text18        010B6
_check_msg                       text22        01644
_enable_interrupts               text17        018B4
_enter_sleep_mode                text56        018BC
_i2c_configure_master            text16        01336
_i2c_master_int_handler          text48        000C0
_i2c_master_send                 text15        00C20
_i2c_mode                        bssCOMRAM     00037
_ic_ptr                          nvBANK0       000CD
_in_high_int                     text21        01894
_in_low_int                      text20        0144A
_in_main                         text19        014C6
_init_i2c                        text14        00CEE
_init_queue                      text13        01052
_init_queues                     text12        01236
_init_timer1_lthread             text11        0184C
_init_uart_recv                  text10        017D0
_main                            text0         00438
_memcpy                          text27        0128E
_msgbuffer                       bssCOMRAM     00038
_recv_msg                        text26        0073A
_send_msg                        text9         00976
_send_uart_msg                   text7         01612
_timer0_int_handler              text44        00FE4
_timer0_lthread                  text6         0183A
_timer1_int_handler              text37        01732
_timer1_lthread                  text3         011D8
_uart_config                     text2         0180C
_uart_lthread                    text1         015E0
_uart_recv_int_handler           text35        00E62
_uart_tran_int_handler           text32        013C4
_uc_ptr                          nvCOMRAM      00043
check_msg@qptr                   cstackBANK0   000C8
end_of_initialization            cinit         013BA
i1_memcpy                        text41        0140A
i1_recv_msg                      text34        00B4E
i1_send_msg                      text40        00DB8
i1memcpy@d                       cstackCOMRAM  00007
i1memcpy@d1                      cstackCOMRAM  00001
i1memcpy@n                       cstackCOMRAM  00005
i1memcpy@s                       cstackCOMRAM  00009
i1memcpy@s1                      cstackCOMRAM  00003
i1recv_msg@data                  cstackCOMRAM  00010
i1recv_msg@maxlength             cstackCOMRAM  0000D
i1recv_msg@msgtype               cstackCOMRAM  0000E
i1recv_msg@qmsg                  cstackCOMRAM  00017
i1recv_msg@qptr                  cstackCOMRAM  0000B
i1recv_msg@slot                  cstackCOMRAM  00014
i1recv_msg@tlength               cstackCOMRAM  00015
i1send_msg@data                  cstackCOMRAM  0000F
i1send_msg@length                cstackCOMRAM  0000D
i1send_msg@msgtype               cstackCOMRAM  0000E
i1send_msg@qmsg                  cstackCOMRAM  00015
i1send_msg@qptr                  cstackCOMRAM  0000B
i1send_msg@slot                  cstackCOMRAM  00014
i1send_msg@tlength               cstackCOMRAM  00012
i2_check_msg                     text55        01676
i2_in_high_int                   text54        018A4
i2_in_low_int                    text53        01488
i2_memcpy                        text51        012E6
i2_recv_msg                      text47        00858
i2_send_msg                      text50        00A62
i2c_configure_master@slave_addr  cstackBANK0   000C8
i2c_master_send@i                cstackBANK1   001A3
i2c_master_send@length           cstackBANK1   001A2
i2c_master_send@msg              cstackBANK0   000C8
i2check_msg@qptr                 cstackBANK0   00097
i2memcpy@d                       cstackBANK0   0009D
i2memcpy@d1                      cstackBANK0   00097
i2memcpy@n                       cstackBANK0   0009B
i2memcpy@s                       cstackBANK0   0009F
i2memcpy@s1                      cstackBANK0   00099
i2recv_msg@data                  cstackBANK0   000A6
i2recv_msg@maxlength             cstackBANK0   000A3
i2recv_msg@msgtype               cstackBANK0   000A4
i2recv_msg@qmsg                  cstackBANK0   000AD
i2recv_msg@qptr                  cstackBANK0   000A1
i2recv_msg@slot                  cstackBANK0   000AA
i2recv_msg@tlength               cstackBANK0   000AB
i2send_msg@data                  cstackBANK0   000A5
i2send_msg@length                cstackBANK0   000A3
i2send_msg@msgtype               cstackBANK0   000A4
i2send_msg@qmsg                  cstackBANK0   000AB
i2send_msg@qptr                  cstackBANK0   000A1
i2send_msg@slot                  cstackBANK0   000AA
i2send_msg@tlength               cstackBANK0   000A8
init_i2c@ic                      cstackBANK0   000C8
init_queue@i                     cstackBANK0   000CA
init_queue@qptr                  cstackBANK0   000C8
init_timer1_lthread@tptr         cstackBANK0   000C8
init_uart_recv@uc                cstackBANK0   000C8
int_func                         intcode_body  00EF6
intlevel0                        text          00000
intlevel1                        text          00000
intlevel2                        text          00000
intlevel3                        text          00000
main@asdf                        cstackBANK2   0020D
main@ic                          cstackBANK2   00222
main@last_reg_recvd              cstackBANK2   0020C
main@length                      cstackBANK2   00221
main@msgbuffer                   cstackBANK2   0020E
main@msgtype                     cstackBANK2   00220
main@t0thread_data               cstackBANK2   00202
main@t1thread_data               cstackBANK2   00219
main@temp                        cstackBANK2   00204
main@uc                          cstackBANK2   0021B
main@uthread_data                cstackBANK2   00200
memcpy@d                         cstackBANK0   000C8
memcpy@d1                        cstackBANK1   001A2
memcpy@n                         cstackBANK1   001A6
memcpy@s                         cstackBANK0   000CA
memcpy@s1                        cstackBANK1   001A4
recv_msg@data                    cstackBANK1   001AD
recv_msg@maxlength               cstackBANK1   001AA
recv_msg@msgtype                 cstackBANK1   001AB
recv_msg@qmsg                    cstackBANK1   001B4
recv_msg@qptr                    cstackBANK1   001A8
recv_msg@slot                    cstackBANK1   001B1
recv_msg@tlength                 cstackBANK1   001B2
send_msg@data                    cstackBANK1   001AC
send_msg@length                  cstackBANK1   001AA
send_msg@msgtype                 cstackBANK1   001AB
send_msg@qmsg                    cstackBANK1   001B1
send_msg@qptr                    cstackBANK1   001A8
send_msg@slot                    cstackBANK1   001B0
send_msg@tlength                 cstackBANK1   001AE
send_uart_msg@ierr               cstackBANK1   001BB
send_uart_msg@length             cstackBANK1   001B7
send_uart_msg@msg                cstackBANK1   001B9
stackhi                          (abs)         009FF
stacklo                          (abs)         0024B
start                            init          000BC
start_initialization             cinit         0137E
timer0_int_handler@length        cstackBANK0   000B4
timer0_int_handler@msgtype       cstackBANK0   000B6
timer0_int_handler@val           cstackBANK0   000B8
timer0_lthread@length            cstackBANK1   001A6
timer0_lthread@msgbuffer         cstackBANK1   001A8
timer0_lthread@msgtype           cstackBANK1   001A4
timer0_lthread@msgval            cstackBANK0   000C8
timer0_lthread@tptr              cstackBANK1   001A2
timer1_int_handler@result        cstackCOMRAM  0001B
timer1_lthread@length            cstackBANK1   001BB
timer1_lthread@msgbuffer         cstackBANK1   001BD
timer1_lthread@msgtype           cstackBANK1   001B9
timer1_lthread@retval            cstackBANK1   001BF
timer1_lthread@tptr              cstackBANK1   001B7
uart_lthread@length              cstackBANK1   001A6
uart_lthread@msgbuffer           cstackBANK1   001A8
uart_lthread@msgtype             cstackBANK1   001A4
uart_lthread@uptr                cstackBANK1   001A2
uart_tran_int_handler@ierr       cstackCOMRAM  0001E


FUNCTION INFORMATION:

 *************** function _main *****************
 Defined at:
		line 186 in file "../src/main.c"
 Parameters:    Size  Location     Type
		None
 Auto vars:     Size  Location     Type
  temp            8    4[BANK2 ] unsigned char [8]
  asdf            1   13[BANK2 ] unsigned char 
  ic             41   34[BANK2 ] struct __i2c_comm
  msgbuffer      11   14[BANK2 ] unsigned char [11]
  uc              5   27[BANK2 ] struct __uart_comm
  t1thread_dat    2   25[BANK2 ] struct __timer1_thread_s
  t0thread_dat    2    2[BANK2 ] struct __timer0_thread_s
  uthread_data    2    0[BANK2 ] struct __uart_thread_str
  length          1   33[BANK2 ] char 
  msgtype         1   32[BANK2 ] unsigned char 
  last_reg_rec    1   12[BANK2 ] unsigned char 
  i               1    0        unsigned char 
  c               1    0        unsigned char 
 Return value:  Size  Location     Type
		None               void
 Registers used:
		wreg, fsr1l, fsr1h, fsr2l, fsr2h, status,2, status,0, prodl, prodh, cstack
 Tracked objects:
		On entry : 
		On exit  : 
		Unchanged: 
 Data sizes:     COMRAM   BANK0   BANK1   BANK2   BANK3   BANK4   BANK5   BANK6   BANK7   BANK8   BANK9  BANK10  BANK11  BANK12  BANK13  BANK14
      Params:         0       0       0       0       0       0       0       0       0       0       0       0       0       0       0       0
      Locals:         0       0       0      75       0       0       0       0       0       0       0       0       0       0       0       0
      Temps:          0       0       0       0       0       0       0       0       0       0       0       0       0       0       0       0
      Totals:         0       0       0      75       0       0       0       0       0       0       0       0       0       0       0       0
Total ram usage:       75 bytes
 Hardware stack levels required when called:   14
 This function calls:
		_Open1USART
		_OpenTimer0
		_OpenTimer1
		_ToMainHigh_recvmsg
		_ToMainLow_recvmsg
		_block_on_To_msgqueues
		_enable_interrupts
		_i2c_configure_master
		_i2c_master_send
		_init_i2c
		_init_queues
		_init_timer1_lthread
		_init_uart_recv
		_send_uart_msg
		_timer0_lthread
		_timer1_lthread
		_uart_config
		_uart_lthread
 This function is called by:
		Startup code after reset
 This function uses a non-reentrant model


 *************** function _uart_lthread *****************
 Defined at:
		line 9 in file "../src/uart_thread.c"
 Parameters:    Size  Location     Type
  uptr            2    0[BANK1 ] PTR struct __uart_thread
		 -> main@uthread_data(2), 
  msgtype         2    2[BANK1 ] int 
  length          2    4[BANK1 ] int 
  msgbuffer       2    6[BANK1 ] PTR unsigned char 
		 -> main@msgbuffer(11), 
 Auto vars:     Size  Location     Type
		None
 Return value:  Size  Location     Type
                  2    0[BANK1 ] int 
 Registers used:
		wreg, fsr2l, fsr2h, status,2, status,0
 Tracked objects:
		On entry : 
		On exit  : 
		Unchanged: 
 Data sizes:     COMRAM   BANK0   BANK1   BANK2   BANK3   BANK4   BANK5   BANK6   BANK7   BANK8   BANK9  BANK10  BANK11  BANK12  BANK13  BANK14
      Params:         0       0       8       0       0       0       0       0       0       0       0       0       0       0       0       0
      Locals:         0       0       0       0       0       0       0       0       0       0       0       0       0       0       0       0
      Temps:          0       0       0       0       0       0       0       0       0       0       0       0       0       0       0       0
      Totals:         0       0       8       0       0       0       0       0       0       0       0       0       0       0       0       0
Total ram usage:        8 bytes
 Hardware stack levels used:    1
 Hardware stack levels required when called:   10
 This function calls:
		Nothing
 This function is called by:
		_main
 This function uses a non-reentrant model


 *************** function _uart_config *****************
 Defined at:
		line 58 in file "../src/my_uart.c"
 Parameters:    Size  Location     Type
		None
 Auto vars:     Size  Location     Type
		None
 Return value:  Size  Location     Type
		None               void
 Registers used:
		wreg, status,2
 Tracked objects:
		On entry : 
		On exit  : 
		Unchanged: 
 Data sizes:     COMRAM   BANK0   BANK1   BANK2   BANK3   BANK4   BANK5   BANK6   BANK7   BANK8   BANK9  BANK10  BANK11  BANK12  BANK13  BANK14
      Params:         0       0       0       0       0       0       0       0       0       0       0       0       0       0       0       0
      Locals:         0       0       0       0       0       0       0       0       0       0       0       0       0       0       0       0
      Temps:          0       0       0       0       0       0       0       0       0       0       0       0       0       0       0       0
      Totals:         0       0       0       0       0       0       0       0       0       0       0       0       0       0       0       0
Total ram usage:        0 bytes
 Hardware stack levels used:    1
 Hardware stack levels required when called:   10
 This function calls:
		Nothing
 This function is called by:
		_main
 This function uses a non-reentrant model


 *************** function _timer1_lthread *****************
 Defined at:
		line 14 in file "../src/timer1_thread.c"
 Parameters:    Size  Location     Type
  tptr            2   21[BANK1 ] PTR struct __timer1_thre
		 -> main@t1thread_data(2), 
  msgtype         2   23[BANK1 ] int 
  length          2   25[BANK1 ] int 
  msgbuffer       2   27[BANK1 ] PTR unsigned char 
		 -> main@msgbuffer(11), 
 Auto vars:     Size  Location     Type
  retval          1   29[BANK1 ] char 
 Return value:  Size  Location     Type
                  2   21[BANK1 ] int 
 Registers used:
		wreg, fsr1l, fsr1h, fsr2l, fsr2h, status,2, status,0, prodl, prodh, cstack
 Tracked objects:
		On entry : 
		On exit  : 
		Unchanged: 
 Data sizes:     COMRAM   BANK0   BANK1   BANK2   BANK3   BANK4   BANK5   BANK6   BANK7   BANK8   BANK9  BANK10  BANK11  BANK12  BANK13  BANK14
      Params:         0       0       8       0       0       0       0       0       0       0       0       0       0       0       0       0
      Locals:         0       0       1       0       0       0       0       0       0       0       0       0       0       0       0       0
      Temps:          0       0       0       0       0       0       0       0       0       0       0       0       0       0       0       0
      Totals:         0       0       9       0       0       0       0       0       0       0       0       0       0       0       0       0
Total ram usage:        9 bytes
 Hardware stack levels used:    1
 Hardware stack levels required when called:   13
 This function calls:
		_FromMainHigh_sendmsg
		___lwmod
 This function is called by:
		_main
 This function uses a non-reentrant model


 *************** function ___lwmod *****************
 Defined at:
		line 8 in file "C:\Program Files\Microchip\xc8\v1.32\sources\common\lwmod.c"
 Parameters:    Size  Location     Type
  dividend        2   49[BANK0 ] unsigned int 
  divisor         2   51[BANK0 ] unsigned int 
 Auto vars:     Size  Location     Type
  counter         1   53[BANK0 ] unsigned char 
 Return value:  Size  Location     Type
                  2   49[BANK0 ] unsigned int 
 Registers used:
		wreg, status,2, status,0
 Tracked objects:
		On entry : 
		On exit  : 
		Unchanged: 
 Data sizes:     COMRAM   BANK0   BANK1   BANK2   BANK3   BANK4   BANK5   BANK6   BANK7   BANK8   BANK9  BANK10  BANK11  BANK12  BANK13  BANK14
      Params:         0       4       0       0       0       0       0       0       0       0       0       0       0       0       0       0
      Locals:         0       1       0       0       0       0       0       0       0       0       0       0       0       0       0       0
      Temps:          0       0       0       0       0       0       0       0       0       0       0       0       0       0       0       0
      Totals:         0       5       0       0       0       0       0       0       0       0       0       0       0       0       0       0
Total ram usage:        5 bytes
 Hardware stack levels used:    1
 Hardware stack levels required when called:   10
 This function calls:
		Nothing
 This function is called by:
		_timer1_lthread
 This function uses a non-reentrant model


 *************** function _FromMainHigh_sendmsg *****************
 Defined at:
		line 174 in file "../src/messages.c"
 Parameters:    Size  Location     Type
  length          1    wreg     unsigned char 
  msgtype         1   17[BANK1 ] unsigned char 
  data            2   18[BANK1 ] PTR void 
		 -> main@t1thread_data(2), 
 Auto vars:     Size  Location     Type
  length          1   20[BANK1 ] unsigned char 
 Return value:  Size  Location     Type
                  1    wreg      char 
 Registers used:
		wreg, fsr1l, fsr1h, fsr2l, fsr2h, status,2, status,0, prodl, prodh, cstack
 Tracked objects:
		On entry : 
		On exit  : 
		Unchanged: 
 Data sizes:     COMRAM   BANK0   BANK1   BANK2   BANK3   BANK4   BANK5   BANK6   BANK7   BANK8   BANK9  BANK10  BANK11  BANK12  BANK13  BANK14
      Params:         0       0       3       0       0       0       0       0       0       0       0       0       0       0       0       0
      Locals:         0       0       1       0       0       0       0       0       0       0       0       0       0       0       0       0
      Temps:          0       0       0       0       0       0       0       0       0       0       0       0       0       0       0       0
      Totals:         0       0       4       0       0       0       0       0       0       0       0       0       0       0       0       0
Total ram usage:        4 bytes
 Hardware stack levels used:    1
 Hardware stack levels required when called:   12
 This function calls:
		_send_msg
 This function is called by:
		_timer1_lthread
 This function uses a non-reentrant model


 *************** function _timer0_lthread *****************
 Defined at:
		line 9 in file "../src/timer0_thread.c"
 Parameters:    Size  Location     Type
  tptr            2    0[BANK1 ] PTR struct __timer0_thre
		 -> main@t0thread_data(2), 
  msgtype         2    2[BANK1 ] int 
  length          2    4[BANK1 ] int 
  msgbuffer       2    6[BANK1 ] PTR unsigned char 
		 -> main@msgbuffer(11), 
 Auto vars:     Size  Location     Type
  msgval          2   49[BANK0 ] PTR unsigned int 
		 -> main@msgbuffer(11), 
 Return value:  Size  Location     Type
                  2    0[BANK1 ] int 
 Registers used:
		wreg, status,2, status,0
 Tracked objects:
		On entry : 
		On exit  : 
		Unchanged: 
 Data sizes:     COMRAM   BANK0   BANK1   BANK2   BANK3   BANK4   BANK5   BANK6   BANK7   BANK8   BANK9  BANK10  BANK11  BANK12  BANK13  BANK14
      Params:         0       0       8       0       0       0       0       0       0       0       0       0       0       0       0       0
      Locals:         0       2       0       0       0       0       0       0       0       0       0       0       0       0       0       0
      Temps:          0       0       0       0       0       0       0       0       0       0       0       0       0       0       0       0
      Totals:         0       2       8       0       0       0       0       0       0       0       0       0       0       0       0       0
Total ram usage:       10 bytes
 Hardware stack levels used:    1
 Hardware stack levels required when called:   10
 This function calls:
		Nothing
 This function is called by:
		_main
 This function uses a non-reentrant model


 *************** function _send_uart_msg *****************
 Defined at:
		line 82 in file "../src/my_uart.c"
 Parameters:    Size  Location     Type
  length          2   21[BANK1 ] int 
  msg             2   23[BANK1 ] PTR unsigned char 
		 -> main@temp(8), main@msgbuffer(11), 
 Auto vars:     Size  Location     Type
  ierr            1   25[BANK1 ] char 
 Return value:  Size  Location     Type
		None               void
 Registers used:
		wreg, fsr1l, fsr1h, fsr2l, fsr2h, status,2, status,0, prodl, prodh, cstack
 Tracked objects:
		On entry : 
		On exit  : 
		Unchanged: 
 Data sizes:     COMRAM   BANK0   BANK1   BANK2   BANK3   BANK4   BANK5   BANK6   BANK7   BANK8   BANK9  BANK10  BANK11  BANK12  BANK13  BANK14
      Params:         0       0       4       0       0       0       0       0       0       0       0       0       0       0       0       0
      Locals:         0       0       1       0       0       0       0       0       0       0       0       0       0       0       0       0
      Temps:          0       0       0       0       0       0       0       0       0       0       0       0       0       0       0       0
      Totals:         0       0       5       0       0       0       0       0       0       0       0       0       0       0       0       0
Total ram usage:        5 bytes
 Hardware stack levels used:    1
 Hardware stack levels required when called:   13
 This function calls:
		_FromMainLow_sendmsg
 This function is called by:
		_main
 This function uses a non-reentrant model


 *************** function _FromMainLow_sendmsg *****************
 Defined at:
		line 150 in file "../src/messages.c"
 Parameters:    Size  Location     Type
  length          1    wreg     unsigned char 
  msgtype         1   17[BANK1 ] unsigned char 
  data            2   18[BANK1 ] PTR void 
		 -> main@temp(8), main@msgbuffer(11), 
 Auto vars:     Size  Location     Type
  length          1   20[BANK1 ] unsigned char 
 Return value:  Size  Location     Type
                  1    wreg      char 
 Registers used:
		wreg, fsr1l, fsr1h, fsr2l, fsr2h, status,2, status,0, prodl, prodh, cstack
 Tracked objects:
		On entry : 
		On exit  : 
		Unchanged: 
 Data sizes:     COMRAM   BANK0   BANK1   BANK2   BANK3   BANK4   BANK5   BANK6   BANK7   BANK8   BANK9  BANK10  BANK11  BANK12  BANK13  BANK14
      Params:         0       0       3       0       0       0       0       0       0       0       0       0       0       0       0       0
      Locals:         0       0       1       0       0       0       0       0       0       0       0       0       0       0       0       0
      Temps:          0       0       0       0       0       0       0       0       0       0       0       0       0       0       0       0
      Totals:         0       0       4       0       0       0       0       0       0       0       0       0       0       0       0       0
Total ram usage:        4 bytes
 Hardware stack levels used:    1
 Hardware stack levels required when called:   12
 This function calls:
		_send_msg
 This function is called by:
		_send_uart_msg
 This function uses a non-reentrant model


 *************** function _send_msg *****************
 Defined at:
		line 24 in file "../src/messages.c"
 Parameters:    Size  Location     Type
  qptr            2    6[BANK1 ] PTR struct __msg_queue
		 -> FromMainHigh_MQ(54), FromMainLow_MQ(54), ToMainHigh_MQ(54), ToMainLow_MQ(54), 
  length          1    8[BANK1 ] unsigned char 
  msgtype         1    9[BANK1 ] unsigned char 
  data            2   10[BANK1 ] PTR void 
		 -> adc_int_handler@adcResult(2), timer0_int_handler@val(2), NULL(0), i2c_slave_int_handler@error_buf(3), 
		 -> main@temp(8), main@msgbuffer(11), main@t1thread_data(2), main@ic(41), 
		 -> main@uc(5), 
 Auto vars:     Size  Location     Type
  qmsg            2   15[BANK1 ] PTR struct __msg
		 -> FromMainLow_MQ.queue(52), FromMainHigh_MQ.queue(52), ToMainHigh_MQ.queue(52), ToMainLow_MQ.queue(52), 
		 -> FromMainHigh_MQ(54), FromMainLow_MQ(54), ToMainHigh_MQ(54), ToMainLow_MQ(54), 
  tlength         2   12[BANK1 ] unsigned int 
  slot            1   14[BANK1 ] unsigned char 
 Return value:  Size  Location     Type
                  1    wreg      char 
 Registers used:
		wreg, fsr1l, fsr1h, fsr2l, fsr2h, status,2, status,0, prodl, prodh, cstack
 Tracked objects:
		On entry : 
		On exit  : 
		Unchanged: 
 Data sizes:     COMRAM   BANK0   BANK1   BANK2   BANK3   BANK4   BANK5   BANK6   BANK7   BANK8   BANK9  BANK10  BANK11  BANK12  BANK13  BANK14
      Params:         0       0       6       0       0       0       0       0       0       0       0       0       0       0       0       0
      Locals:         0       0       5       0       0       0       0       0       0       0       0       0       0       0       0       0
      Temps:          0       1       0       0       0       0       0       0       0       0       0       0       0       0       0       0
      Totals:         0       1      11       0       0       0       0       0       0       0       0       0       0       0       0       0
Total ram usage:       12 bytes
 Hardware stack levels used:    1
 Hardware stack levels required when called:   11
 This function calls:
		_memcpy
 This function is called by:
		_FromMainLow_sendmsg
		_FromMainHigh_sendmsg
 This function uses a non-reentrant model


 *************** function _init_uart_recv *****************
 Defined at:
		line 52 in file "../src/my_uart.c"
 Parameters:    Size  Location     Type
  uc              2   49[BANK0 ] PTR struct __uart_comm
		 -> main@uc(5), 
 Auto vars:     Size  Location     Type
		None
 Return value:  Size  Location     Type
		None               void
 Registers used:
		wreg, fsr2l, fsr2h, status,2, status,0
 Tracked objects:
		On entry : 
		On exit  : 
		Unchanged: 
 Data sizes:     COMRAM   BANK0   BANK1   BANK2   BANK3   BANK4   BANK5   BANK6   BANK7   BANK8   BANK9  BANK10  BANK11  BANK12  BANK13  BANK14
      Params:         0       2       0       0       0       0       0       0       0       0       0       0       0       0       0       0
      Locals:         0       0       0       0       0       0       0       0       0       0       0       0       0       0       0       0
      Temps:          0       0       0       0       0       0       0       0       0       0       0       0       0       0       0       0
      Totals:         0       2       0       0       0       0       0       0       0       0       0       0       0       0       0       0
Total ram usage:        2 bytes
 Hardware stack levels used:    1
 Hardware stack levels required when called:   10
 This function calls:
		Nothing
 This function is called by:
		_main
 This function uses a non-reentrant model


 *************** function _init_timer1_lthread *****************
 Defined at:
		line 6 in file "../src/timer1_thread.c"
 Parameters:    Size  Location     Type
  tptr            2   49[BANK0 ] PTR struct __timer1_thre
		 -> main@t1thread_data(2), 
 Auto vars:     Size  Location     Type
		None
 Return value:  Size  Location     Type
		None               void
 Registers used:
		wreg, fsr2l, fsr2h
 Tracked objects:
		On entry : 
		On exit  : 
		Unchanged: 
 Data sizes:     COMRAM   BANK0   BANK1   BANK2   BANK3   BANK4   BANK5   BANK6   BANK7   BANK8   BANK9  BANK10  BANK11  BANK12  BANK13  BANK14
      Params:         0       2       0       0       0       0       0       0       0       0       0       0       0       0       0       0
      Locals:         0       0       0       0       0       0       0       0       0       0       0       0       0       0       0       0
      Temps:          0       0       0       0       0       0       0       0       0       0       0       0       0       0       0       0
      Totals:         0       2       0       0       0       0       0       0       0       0       0       0       0       0       0       0
Total ram usage:        2 bytes
 Hardware stack levels used:    1
 Hardware stack levels required when called:   10
 This function calls:
		Nothing
 This function is called by:
		_main
 This function uses a non-reentrant model


 *************** function _init_queues *****************
 Defined at:
		line 194 in file "../src/messages.c"
 Parameters:    Size  Location     Type
		None
 Auto vars:     Size  Location     Type
		None
 Return value:  Size  Location     Type
		None               void
 Registers used:
		wreg, fsr2l, fsr2h, status,2, status,0, prodl, prodh, cstack
 Tracked objects:
		On entry : 
		On exit  : 
		Unchanged: 
 Data sizes:     COMRAM   BANK0   BANK1   BANK2   BANK3   BANK4   BANK5   BANK6   BANK7   BANK8   BANK9  BANK10  BANK11  BANK12  BANK13  BANK14
      Params:         0       0       0       0       0       0       0       0       0       0       0       0       0       0       0       0
      Locals:         0       0       0       0       0       0       0       0       0       0       0       0       0       0       0       0
      Temps:          0       0       0       0       0       0       0       0       0       0       0       0       0       0       0       0
      Totals:         0       0       0       0       0       0       0       0       0       0       0       0       0       0       0       0
Total ram usage:        0 bytes
 Hardware stack levels used:    1
 Hardware stack levels required when called:   11
 This function calls:
		_init_queue
 This function is called by:
		_main
 This function uses a non-reentrant model


 *************** function _init_queue *****************
 Defined at:
		line 14 in file "../src/messages.c"
 Parameters:    Size  Location     Type
[...]
		Unchanged: 
 Data sizes:     COMRAM   BANK0   BANK1   BANK2   BANK3   BANK4   BANK5   BANK6   BANK7   BANK8   BANK9  BANK10  BANK11  BANK12  BANK13  BANK14
      Params:         0       0       0       0       0       0       0       0       0       0       0       0       0       0       0       0
      Locals:         0       0       0       0       0       0       0       0       0       0       0       0       0       0       0       0
      Temps:          0       1       0       0       0       0       0       0       0       0       0       0       0       0       0       0
      Totals:         0       1       0       0       0       0       0       0       0       0       0       0       0       0       0       0
Total ram usage:        1 bytes
 Hardware stack levels used:    1
 Hardware stack levels required when called:    3
 This function calls:
		_ToMainHigh_sendmsg
 This function is called by:
		_InterruptHandlerHigh
		_i2c_int_handler
 This function uses a non-reentrant model


 *************** function _ToMainHigh_sendmsg *****************
 Defined at:
		line 126 in file "../src/messages.c"
 Parameters:    Size  Location     Type
  length          1    wreg     unsigned char 
  msgtype         1   22[BANK0 ] unsigned char 
  data            2   23[BANK0 ] PTR void 
		 -> adc_int_handler@adcResult(2), timer0_int_handler@val(2), NULL(0), i2c_slave_int_handler@error_buf(3), 
		 -> main@ic(41), 
 Auto vars:     Size  Location     Type
  length          1   25[BANK0 ] unsigned char 
 Return value:  Size  Location     Type
                  1    wreg      char 
 Registers used:
		wreg, fsr1l, fsr1h, fsr2l, fsr2h, status,2, status,0, prodl, prodh, cstack
 Tracked objects:
		On entry : 
		On exit  : 
		Unchanged: 
 Data sizes:     COMRAM   BANK0   BANK1   BANK2   BANK3   BANK4   BANK5   BANK6   BANK7   BANK8   BANK9  BANK10  BANK11  BANK12  BANK13  BANK14
      Params:         0       3       0       0       0       0       0       0       0       0       0       0       0       0       0       0
      Locals:         0       1       0       0       0       0       0       0       0       0       0       0       0       0       0       0
      Temps:          0       0       0       0       0       0       0       0       0       0       0       0       0       0       0       0
      Totals:         0       4       0       0       0       0       0       0       0       0       0       0       0       0       0       0
Total ram usage:        4 bytes
 Hardware stack levels used:    1
 Hardware stack levels required when called:    2
 This function calls:
		i2_send_msg
 This function is called by:
		_i2c_master_int_handler
		_timer0_int_handler
		_i2c_slave_int_handler
		_adc_int_handler
 This function uses a non-reentrant model


 *************** function i2_send_msg *****************
 Defined at:
		line 24 in file "../src/messages.c"
 Parameters:    Size  Location     Type
  qptr            2   10[BANK0 ] PTR struct __msg_queue
		 -> FromMainHigh_MQ(54), FromMainLow_MQ(54), ToMainHigh_MQ(54), ToMainLow_MQ(54), 
  length          1   12[BANK0 ] unsigned char 
  msgtype         1   13[BANK0 ] unsigned char 
  data            2   14[BANK0 ] PTR void 
		 -> adc_int_handler@adcResult(2), timer0_int_handler@val(2), NULL(0), i2c_slave_int_handler@error_buf(3), 
		 -> main@temp(8), main@msgbuffer(11), main@t1thread_data(2), main@ic(41), 
		 -> main@uc(5), 
 Auto vars:     Size  Location     Type
  send_msg        2   20[BANK0 ] PTR struct __msg
		 -> FromMainLow_MQ.queue(52), FromMainHigh_MQ.queue(52), ToMainHigh_MQ.queue(52), ToMainLow_MQ.queue(52), 
		 -> FromMainHigh_MQ(54), FromMainLow_MQ(54), ToMainHigh_MQ(54), ToMainLow_MQ(54), 
  send_msg        2   17[BANK0 ] unsigned int 
  send_msg        1   19[BANK0 ] unsigned char 
 Return value:  Size  Location     Type
                  1    wreg      char 
 Registers used:
		wreg, fsr1l, fsr1h, fsr2l, fsr2h, status,2, status,0, prodl, prodh, cstack
 Tracked objects:
		On entry : 
		On exit  : 
		Unchanged: 
 Data sizes:     COMRAM   BANK0   BANK1   BANK2   BANK3   BANK4   BANK5   BANK6   BANK7   BANK8   BANK9  BANK10  BANK11  BANK12  BANK13  BANK14
      Params:         0       6       0       0       0       0       0       0       0       0       0       0       0       0       0       0
      Locals:         0       5       0       0       0       0       0       0       0       0       0       0       0       0       0       0
      Temps:          0       1       0       0       0       0       0       0       0       0       0       0       0       0       0       0
      Totals:         0      12       0       0       0       0       0       0       0       0       0       0       0       0       0       0
Total ram usage:       12 bytes
 Hardware stack levels used:    1
 Hardware stack levels required when called:    1
 This function calls:
		i2_memcpy
 This function is called by:
		_ToMainHigh_sendmsg
 This function uses a non-reentrant model


 *************** function i2_memcpy *****************
 Defined at:
		line 11 in file "C:\Program Files\Microchip\xc8\v1.32\sources\common\memcpy.c"
 Parameters:    Size  Location     Type
  d1              2    0[BANK0 ] PTR void 
		 -> FromMainLow_MQ.queue(52), FromMainHigh_MQ.queue(52), ToMainHigh_MQ.queue(52), ToMainLow_MQ.queue(52), 
		 -> timer0_int_handler@val(2), msgbuffer(11), FromMainHigh_MQ(54), FromMainLow_MQ(54), 
		 -> ToMainHigh_MQ(54), ToMainLow_MQ(54), main@msgbuffer(11), 
  s1              2    2[BANK0 ] PTR const void 
		 -> ToMainLow_MQ.data(10), ToMainHigh_MQ.data(10), FromMainLow_MQ.data(10), FromMainHigh_MQ.data(10), 
		 -> ToMainLow_MQ.queue.data(10), ToMainHigh_MQ.queue.data(10), FromMainHigh_MQ.queue.data(10), FromMainLow_MQ.queue.data(10), 
		 -> adc_int_handler@adcResult(2), timer0_int_handler@val(2), NULL(0), i2c_slave_int_handler@error_buf(3), 
		 -> FromMainHigh_MQ(54), FromMainLow_MQ(54), ToMainHigh_MQ(54), ToMainLow_MQ(54), 
		 -> main@temp(8), main@msgbuffer(11), main@t1thread_data(2), main@ic(41), 
		 -> main@uc(5), 
  n               2    4[BANK0 ] unsigned int 
 Auto vars:     Size  Location     Type
  memcpy          2    8[BANK0 ] PTR const unsigned char 
		 -> ToMainLow_MQ.data(10), ToMainHigh_MQ.data(10), FromMainLow_MQ.data(10), FromMainHigh_MQ.data(10), 
		 -> ToMainLow_MQ.queue.data(10), ToMainHigh_MQ.queue.data(10), FromMainHigh_MQ.queue.data(10), FromMainLow_MQ.queue.data(10), 
		 -> adc_int_handler@adcResult(2), timer0_int_handler@val(2), NULL(0), i2c_slave_int_handler@error_buf(3), 
		 -> FromMainHigh_MQ(54), FromMainLow_MQ(54), ToMainHigh_MQ(54), ToMainLow_MQ(54), 
		 -> main@temp(8), main@msgbuffer(11), main@t1thread_data(2), main@ic(41), 
		 -> main@uc(5), 
  memcpy          2    6[BANK0 ] PTR unsigned char 
		 -> FromMainLow_MQ.queue(52), FromMainHigh_MQ.queue(52), ToMainHigh_MQ.queue(52), ToMainLow_MQ.queue(52), 
		 -> timer0_int_handler@val(2), msgbuffer(11), FromMainHigh_MQ(54), FromMainLow_MQ(54), 
		 -> ToMainHigh_MQ(54), ToMainLow_MQ(54), main@msgbuffer(11), 
 Return value:  Size  Location     Type
                  2    0[BANK0 ] PTR void 
 Registers used:
		wreg, fsr1l, fsr1h, fsr2l, fsr2h, status,2, status,0
 Tracked objects:
		On entry : 
		On exit  : 
		Unchanged: 
 Data sizes:     COMRAM   BANK0   BANK1   BANK2   BANK3   BANK4   BANK5   BANK6   BANK7   BANK8   BANK9  BANK10  BANK11  BANK12  BANK13  BANK14
      Params:         0       6       0       0       0       0       0       0       0       0       0       0       0       0       0       0
      Locals:         0       4       0       0       0       0       0       0       0       0       0       0       0       0       0       0
      Temps:          0       0       0       0       0       0       0       0       0       0       0       0       0       0       0       0
      Totals:         0      10       0       0       0       0       0       0       0       0       0       0       0       0       0       0
Total ram usage:       10 bytes
 Hardware stack levels used:    1
 This function calls:
		Nothing
 This function is called by:
		i2_send_msg
		i2_recv_msg
 This function uses a non-reentrant model


 *************** function _SleepIfOkay *****************
 Defined at:
		line 226 in file "../src/messages.c"
 Parameters:    Size  Location     Type
		None
 Auto vars:     Size  Location     Type
		None
 Return value:  Size  Location     Type
		None               void
 Registers used:
		wreg, fsr2l, fsr2h, status,2, status,0, prodl, prodh, cstack
 Tracked objects:
		On entry : 
		On exit  : 
		Unchanged: 
 Data sizes:     COMRAM   BANK0   BANK1   BANK2   BANK3   BANK4   BANK5   BANK6   BANK7   BANK8   BANK9  BANK10  BANK11  BANK12  BANK13  BANK14
      Params:         0       0       0       0       0       0       0       0       0       0       0       0       0       0       0       0
      Locals:         0       0       0       0       0       0       0       0       0       0       0       0       0       0       0       0
      Temps:          0       0       0       0       0       0       0       0       0       0       0       0       0       0       0       0
      Totals:         0       0       0       0       0       0       0       0       0       0       0       0       0       0       0       0
Total ram usage:        0 bytes
 Hardware stack levels used:    1
 Hardware stack levels required when called:    2
 This function calls:
		_enter_sleep_mode
		i2_check_msg
		i2_in_high_int
		i2_in_low_int
 This function is called by:
		_InterruptHandlerHigh
 This function uses a non-reentrant model


 *************** function i2_in_low_int *****************
 Defined at:
		line 30 in file "../src/interrupts.c"
 Parameters:    Size  Location     Type
		None
 Auto vars:     Size  Location     Type
		None
 Return value:  Size  Location     Type
                  2    2[BANK0 ] int 
 Registers used:
		wreg, status,2, status,0, cstack
 Tracked objects:
		On entry : 
		On exit  : 
		Unchanged: 
 Data sizes:     COMRAM   BANK0   BANK1   BANK2   BANK3   BANK4   BANK5   BANK6   BANK7   BANK8   BANK9  BANK10  BANK11  BANK12  BANK13  BANK14
      Params:         0       2       0       0       0       0       0       0       0       0       0       0       0       0       0       0
      Locals:         0       0       0       0       0       0       0       0       0       0       0       0       0       0       0       0
      Temps:          0       0       0       0       0       0       0       0       0       0       0       0       0       0       0       0
      Totals:         0       2       0       0       0       0       0       0       0       0       0       0       0       0       0       0
Total ram usage:        2 bytes
 Hardware stack levels used:    1
 Hardware stack levels required when called:    1
 This function calls:
		i2_in_high_int
 This function is called by:
		_SleepIfOkay
 This function uses a non-reentrant model


 *************** function i2_in_high_int *****************
 Defined at:
		line 22 in file "../src/interrupts.c"
 Parameters:    Size  Location     Type
		None
 Auto vars:     Size  Location     Type
		None
 Return value:  Size  Location     Type
                  2    0[BANK0 ] int 
 Registers used:
		wreg, status,2
 Tracked objects:
		On entry : 
		On exit  : 
		Unchanged: 
 Data sizes:     COMRAM   BANK0   BANK1   BANK2   BANK3   BANK4   BANK5   BANK6   BANK7   BANK8   BANK9  BANK10  BANK11  BANK12  BANK13  BANK14
      Params:         0       2       0       0       0       0       0       0       0       0       0       0       0       0       0       0
      Locals:         0       0       0       0       0       0       0       0       0       0       0       0       0       0       0       0
      Temps:          0       0       0       0       0       0       0       0       0       0       0       0       0       0       0       0
      Totals:         0       2       0       0       0       0       0       0       0       0       0       0       0       0       0       0
Total ram usage:        2 bytes
 Hardware stack levels used:    1
 This function calls:
		Nothing
 This function is called by:
		_SleepIfOkay
		i2_in_low_int
 This function uses a non-reentrant model


 *************** function i2_check_msg *****************
 Defined at:
		line 220 in file "../src/messages.c"
 Parameters:    Size  Location     Type
  qptr            2    0[BANK0 ] PTR struct __msg_queue
		 -> ToMainHigh_MQ(54), ToMainLow_MQ(54), 
 Auto vars:     Size  Location     Type
		None
 Return value:  Size  Location     Type
                  1    wreg      unsigned char 
 Registers used:
		wreg, fsr2l, fsr2h, status,2, status,0, prodl, prodh
 Tracked objects:
		On entry : 
		On exit  : 
		Unchanged: 
 Data sizes:     COMRAM   BANK0   BANK1   BANK2   BANK3   BANK4   BANK5   BANK6   BANK7   BANK8   BANK9  BANK10  BANK11  BANK12  BANK13  BANK14
      Params:         0       2       0       0       0       0       0       0       0       0       0       0       0       0       0       0
      Locals:         0       0       0       0       0       0       0       0       0       0       0       0       0       0       0       0
      Temps:          0       1       0       0       0       0       0       0       0       0       0       0       0       0       0       0
      Totals:         0       3       0       0       0       0       0       0       0       0       0       0       0       0       0       0
Total ram usage:        3 bytes
 Hardware stack levels used:    1
 This function calls:
		Nothing
 This function is called by:
		_SleepIfOkay
 This function uses a non-reentrant model


 *************** function _enter_sleep_mode *****************
 Defined at:
		line 202 in file "../src/messages.c"
 Parameters:    Size  Location     Type
		None
 Auto vars:     Size  Location     Type
		None
 Return value:  Size  Location     Type
		None               void
 Registers used:
		None
 Tracked objects:
		On entry : 
		On exit  : 
		Unchanged: 
 Data sizes:     COMRAM   BANK0   BANK1   BANK2   BANK3   BANK4   BANK5   BANK6   BANK7   BANK8   BANK9  BANK10  BANK11  BANK12  BANK13  BANK14
      Params:         0       0       0       0       0       0       0       0       0       0       0       0       0       0       0       0
      Locals:         0       0       0       0       0       0       0       0       0       0       0       0       0       0       0       0
      Temps:          0       0       0       0       0       0       0       0       0       0       0       0       0       0       0       0
      Totals:         0       0       0       0       0       0       0       0       0       0       0       0       0       0       0       0
Total ram usage:        0 bytes
 Hardware stack levels used:    1
 This function calls:
		Nothing
 This function is called by:
		_SleepIfOkay
 This function uses a non-reentrant model



MODULE INFORMATION

Module		Function		Class		Link	Load	Size
C:\Program Files\Microchip\xc8\v1.32\sources\common\memcpy.c
		_memcpy        		CODE           	128E	0000	88

C:\Program Files\Microchip\xc8\v1.32\sources\common\memcpy.c estimated size: 88

C:\Program Files\Microchip\xc8\v1.32\sources\pic18\plib\Timers\t0open.c
		_OpenTimer0    		CODE           	1786	0000	38

C:\Program Files\Microchip\xc8\v1.32\sources\pic18\plib\Timers\t0open.c estimated size: 38

../src/timer0_thread.c
		_timer0_lthread		CODE           	183A	0000	18

../src/timer0_thread.c estimated size: 18

C:\Program Files\Microchip\xc8\v1.32\sources\pic18\plib\Timers\t1read.c
		_ReadTimer1    		CODE           	1870	0000	18

C:\Program Files\Microchip\xc8\v1.32\sources\pic18\plib\Timers\t1read.c estimated size: 18

../src/user_interrupts.c
		_timer0_int_han		CODE           	0FE4	0000	110
		_timer1_int_han		CODE           	1732	0000	44

../src/user_interrupts.c estimated size: 154

C:\Program Files\Microchip\xc8\v1.32\sources\pic18\d1ktcyx.c
		_Delay1KTCYx   		CODE           	1826	0000	20

C:\Program Files\Microchip\xc8\v1.32\sources\pic18\d1ktcyx.c estimated size: 20

../src/my_i2c.c
		_i2c_master_sen		CODE           	0C20	0000	206
		_i2c_configure_		CODE           	1336	0000	72
		_i2c_master_int		CODE           	00C0	0000	888
		_init_i2c      		CODE           	0CEE	0000	202

../src/my_i2c.c estimated size: 1368

C:\Program Files\Microchip\xc8\v1.32\sources\pic18\plib\USART\u1open.c
		_Open1USART    		CODE           	0F74	0000	112

C:\Program Files\Microchip\xc8\v1.32\sources\pic18\plib\USART\u1open.c estimated size: 112

C:\Program Files\Microchip\xc8\v1.32\sources\pic18\plib\Timers\t1write.c
		_WriteTimer1   		CODE           	185E	0000	18

C:\Program Files\Microchip\xc8\v1.32\sources\pic18\plib\Timers\t1write.c estimated size: 18

../src/timer1_thread.c
		_timer1_lthread		CODE           	11D8	0000	94
		_init_timer1_lt		CODE           	184C	0000	18

../src/timer1_thread.c estimated size: 112

../src/interrupts.c
		_enable_interru		CODE           	18B4	0000	8
		_in_low_int    		CODE           	144A	0000	62
		_in_main       		CODE           	14C6	0000	60
		_in_high_int   		CODE           	1894	0000	16
		_InterruptHandl		CODE           	0018	0000	164
		_InterruptHandl		CODE           	0008	0000	3948

../src/interrupts.c estimated size: 4258

shared
		i1_send_msg    		CODE           	0DB8	0000	170
		i2_send_msg    		CODE           	0A62	0000	236
		i2_in_high_int 		CODE           	18A4	0000	16
		i1_recv_msg    		CODE           	0B4E	0000	210
		i2_recv_msg    		CODE           	0858	0000	286
		__initializatio		CODE           	137E	0000	60
		i2_in_low_int  		CODE           	1488	0000	62
		i1_memcpy      		CODE           	140A	0000	64
		i2_memcpy      		CODE           	12E6	0000	80
		i2_check_msg   		CODE           	1676	0000	50

shared estimated size: 1234

../src/messages.c
		_ToMainHigh_sen		CODE           	1704	0000	46
		_ToMainHigh_rec		CODE           	1574	0000	54
		_block_on_To_ms		CODE           	10B6	0000	98
		_check_msg     		CODE           	1644	0000	50
		_FromMainLow_se		CODE           	16D6	0000	46
		_ToMainLow_send		CODE           	17AC	0000	36
		_ToMainLow_recv		CODE           	153E	0000	54
		_FromMainLow_re		CODE           	175E	0000	40
		_FromMainHigh_s		CODE           	16A8	0000	46
		_enter_sleep_mo		CODE           	18BC	0000	6
		_send_msg      		CODE           	0976	0000	236
		_FromMainHigh_r		CODE           	15AA	0000	54
		_init_queue    		CODE           	1052	0000	100
		_init_queues   		CODE           	1236	0000	88
		_recv_msg      		CODE           	073A	0000	286
		_SleepIfOkay   		CODE           	1178	0000	96

../src/messages.c estimated size: 1336

../src/my_uart.c
		_uart_config   		CODE           	180C	0000	26
		_send_uart_msg 		CODE           	1612	0000	50
		_uart_tran_int_		CODE           	13C4	0000	70
		_init_uart_recv		CODE           	17D0	0000	30
		_uart_recv_int_		CODE           	0E62	0000	148

../src/my_uart.c estimated size: 324

C:\Program Files\Microchip\xc8\v1.32\sources\pic18\plib\USART\u1read.c
		_Read1USART    		CODE           	17EE	0000	30

C:\Program Files\Microchip\xc8\v1.32\sources\pic18\plib\USART\u1read.c estimated size: 30

C:\Program Files\Microchip\xc8\v1.32\sources\pic18\plib\Timers\t0write.c
		_WriteTimer0   		CODE           	1882	0000	18

C:\Program Files\Microchip\xc8\v1.32\sources\pic18\plib\Timers\t0write.c estimated size: 18

C:\Program Files\Microchip\xc8\v1.32\sources\common\lwmod.c
		___lwmod       		CODE           	1118	0000	96

C:\Program Files\Microchip\xc8\v1.32\sources\common\lwmod.c estimated size: 96

../src/main.c
		_main          		CODE           	0438	0000	770

../src/main.c estimated size: 770

C:\Program Files\Microchip\xc8\v1.32\sources\pic18\plib\Timers\t1open.c
		_OpenTimer1    		CODE           	1502	0000	60

C:\Program Files\Microchip\xc8\v1.32\sources\pic18\plib\Timers\t1open.c estimated size: 60

../src/uart_thread.c
		_uart_lthread  		CODE           	15E0	0000	50

../src/uart_thread.c estimated size: 50

